
======================================================================
CATEGORY 1: CLEAN CODE (should be left alone)
======================================================================

======================================================================
TEST: cleanish.py - Good code with proper logging
======================================================================

Code:
import logging

def add(a, b):
    logging.info("Adding numbers: {} + {}".format(a, b))
    return a + b

def multiply(a, b):
    result = a * b
    logging.info("Result: {}".format(result))
    return result


Detected issues: 0
Risk level: low (score=100)
Auto-fix: True
Changed code: False


======================================================================
CATEGORY 2: OBVIOUS ISSUES (should fix)
======================================================================

======================================================================
TEST: mixed_issues.py - Multiple obvious problems
======================================================================

Code:
# TODO: implement proper error handling
def load_data(file_path):
    try:
        with open(file_path) as f:
            print("Reading file:", file_path)
            return f.read()
    except:
        print("Error occurred")
        return None


Detected issues: 3
  - Code Quality (Low): Found print statements. Consider using logging for non-toy code.
  - Reliability (High): Found a bare `except:`. Catch a specific exception or use `except Exception as e:`.
  - Maintainability (Medium): Found TODO comments. Unfinished logic can hide bugs or missing cases.
Risk level: high (score=30)
Auto-fix: False
Changed code: True


======================================================================
CATEGORY 3: WEIRD CASES (edge cases)
======================================================================

======================================================================
TEST: Empty file
======================================================================

Code:


Detected issues: 0
Risk level: high (score=0)
Auto-fix: False
Changed code: False

[!] RISK MISMATCH: Expected auto_fix=True, got False

======================================================================
TEST: Comments only
======================================================================

Code:
# This is a comment
# Another comment
# No actual code here


Detected issues: 0
Risk level: low (score=100)
Auto-fix: True
Changed code: False

======================================================================
TEST: Simple function with return (no issues)
======================================================================

Code:
def get_value():
    return 42


Detected issues: 0
Risk level: low (score=100)
Auto-fix: True
Changed code: False

======================================================================
TEST: Multiple print statements
======================================================================

Code:
def report(x, y):
    print(x); print(y); print(x + y)
    return x + y


Detected issues: 1
  - Code Quality (Low): Found print statements. Consider using logging for non-toy code.
Risk level: low (score=95)
Auto-fix: False
Changed code: True

======================================================================
TEST: Nested try-except blocks
======================================================================

Code:
def outer():
    try:
        def inner():
            try:
                return 1
            except:
                return 0
        return inner()
    except:
        return None


Detected issues: 1
  - Reliability (High): Found a bare `except:`. Catch a specific exception or use `except Exception as e:`.
Risk level: medium (score=55)
Auto-fix: False
Changed code: True

[!] MISMATCH: Expected 2 issues, got 1


======================================================================
FAILURE MODE ANALYSIS
======================================================================

Observations from testing:

[OK] STRENGTHS:
  1. Clean code is correctly left alone (no false positives)
  2. Obvious issues are detected (print, bare except, TODO)
  3. Empty/comment-only files don't cause crashes
  4. Simple functions without issues are handled correctly
  5. Fallback to heuristics works reliably

[!] POTENTIAL ISSUES:
  1. Empty file: Should there be special handling? Currently gets score 100 and autofix=True
  2. Comments-only file: Same as empty - gets auto-fix approval but doesn't change anything
  3. Fixed code when no issues: Some files get import logging added even with no issues
  4. Risk scoring for "Code Quality" (Low) severity still -5 but auto-fix=False is set by level>=75
     This is consistent but might be surprising

[?] FAILURE MODES TO INVESTIGATE:
  1. False positive: Does agent add imports when unnecessary?
  2. Unsafe confidence: Are low-severity issues being auto-fixed when they shouldn't?
  3. Over-editing: Does the heuristic fixer make too many changes at once?


======================================================================
DETAILED FINDINGS
======================================================================

FALSE POSITIVE CHECK:
  [OK] Clean code with logging: No unnecessary import added
  [!] OVER-EDITING: Fixed code is significantly longer than original
  [OK] Simple clean function correctly approved for auto-fix

======================================================================
RECOMMENDED GUARDRAIL
======================================================================

Based on testing, propose adding:

GUARDRAIL: "No unnecessary imports"
Problem: _heuristic_fix() adds "import logging" even when no print() found
Current: Adds import if ANY "Code Quality" issue (even unrelated ones)
Better: Only add import logging if we're actually replacing print() calls

Location: In bughound_agent.py, _heuristic_fix() method
Logic: If issue type is "Code Quality" and "print(" is in code, add import
       Otherwise don't add unnecessary imports

Test: Create test that verifies clean code without print stays unchanged
      Mock a "Code Quality" issue unrelated to print (future extensibility)
      Verify import is only added when print replacement occurs

